// Vitest Snapshot v1, https://vitest.dev/guide/snapshot.html

exports[`Checks if the pages render the pages correctly > Snapshot test for Under Construction page 1`] = `"<div style=\\"display:flex;justify-content:center;align-items:center;flex-direction:column\\"><h1>Page Under Construction</h1><p>This page is currently under construction. Check back later for more information.</p><h2><a href=\\"/home\\">Back Home</a></h2></div>"`;
